// Jest Snapshot v1, https://jestjs.io/docs/snapshot-testing

exports[`Layout renders header, main, and footer 1`] = `"<html lang="en"><head></head><body class="variable variable antialiased"><div>Hello World</div></body></html>"`;
